[32m  m  [35m23:22:54[0m[30m|[34methminer[0m  Mining on PoWhash #9d495afe[0m : 188.74MH/s [A611+3:R0+0:F0]
[32m  m  [35m23:22:54[0m[30m|[34methminer[0m  Mining on PoWhash #9d495afe[0m : 188.74MH/s [A611+3:R0+0:F0]
[32m  m  [35m23:22:54[0m[30m|[34methminer[0m  Mining on PoWhash #9d495afe[0m : 183.50MH/s [A611+3:R0+0:F0]
[32m  m  [35m23:22:54[0m[30m|[34methminer[0m  Mining on PoWhash #9d495afe[0m : 188.74MH/s [A611+3:R0+0:F0]
[32m  m  [35m23:22:55[0m[30m|[34methminer[0m  Mining on PoWhash #9d495afe[0m : 183.50MH/s [A611+3:R0+0:F0]
[32m  m  [35m23:22:55[0m[30m|[34methminer[0m  Mining on PoWhash #9d495afe[0m : 193.99MH/s [A611+3:R0+0:F0]
[32m  m  [35m23:22:55[0m[30m|[34methminer[0m  Mining on PoWhash #9d495afe[0m : 193.99MH/s [A611+3:R0+0:F0]
[32m  m  [35m23:22:55[0m[30m|[34methminer[0m  Mining on PoWhash #9d495afe[0m : 183.50MH/s [A611+3:R0+0:F0]
[32m  m  [35m23:22:55[0m[30m|[34methminer[0m  Mining on PoWhash #9d495afe[0m : 188.74MH/s [A611+3:R0+0:F0]
[32m  m  [35m23:22:56[0m[30m|[34methminer[0m  Mining on PoWhash #9d495afe[0m : 183.50MH/s [A611+3:R0+0:F0]
[32m  m  [35m23:22:56[0m[30m|[34methminer[0m  Mining on PoWhash #9d495afe[0m : 188.74MH/s [A611+3:R0+0:F0]
[32m  m  [35m23:22:56[0m[30m|[34methminer[0m  Mining on PoWhash #9d495afe[0m : 183.50MH/s [A611+3:R0+0:F0]
[32m  m  [35m23:22:56[0m[30m|[34methminer[0m  Mining on PoWhash #9d495afe[0m : 188.74MH/s [A611+3:R0+0:F0]
[32m  m  [35m23:22:56[0m[30m|[34methminer[0m  Mining on PoWhash #9d495afe[0m : 188.74MH/s [A611+3:R0+0:F0]
[32m  m  [35m23:22:57[0m[30m|[34methminer[0m  Mining on PoWhash #9d495afe[0m : 188.74MH/s [A611+3:R0+0:F0]
[32m  m  [35m23:22:57[0m[30m|[34methminer[0m  Mining on PoWhash #9d495afe[0m : 193.99MH/s [A611+3:R0+0:F0]
[32m  m  [35m23:22:57[0m[30m|[34methminer[0m  Mining on PoWhash #9d495afe[0m : 183.50MH/s [A611+3:R0+0:F0]
[32m  m  [35m23:22:57[0m[30m|[34methminer[0m  Mining on PoWhash #9d495afe[0m : 188.74MH/s [A611+3:R0+0:F0]
[32m  m  [35m23:22:57[0m[30m|[34methminer[0m  Mining on PoWhash #9d495afe[0m : 183.50MH/s [A611+3:R0+0:F0]
[32m  m  [35m23:22:58[0m[30m|[34methminer[0m  Mining on PoWhash #9d495afe[0m : 188.74MH/s [A611+3:R0+0:F0]
[32m  m  [35m23:22:58[0m[30m|[34methminer[0m  Mining on PoWhash #9d495afe[0m : 183.50MH/s [A611+3:R0+0:F0]
[32m  m  [35m23:22:58[0m[30m|[34methminer[0m  Mining on PoWhash #9d495afe[0m : 188.74MH/s [A611+3:R0+0:F0]
[32m  m  [35m23:22:58[0m[30m|[34methminer[0m  Mining on PoWhash #9d495afe[0m : 188.74MH/s [A611+3:R0+0:F0]
[32m  m  [35m23:22:58[0m[30m|[34methminer[0m  Mining on PoWhash #9d495afe[0m : 188.74MH/s [A611+3:R0+0:F0]
[32m  m  [35m23:22:59[0m[30m|[34methminer[0m  Mining on PoWhash #9d495afe[0m : 188.74MH/s [A611+3:R0+0:F0]
[32m  m  [35m23:22:59[0m[30m|[34methminer[0m  Mining on PoWhash #9d495afe[0m : 188.74MH/s [A611+3:R0+0:F0]
[32m  m  [35m23:22:59[0m[30m|[34methminer[0m  Mining on PoWhash #9d495afe[0m : 188.74MH/s [A611+3:R0+0:F0]
[32m  m  [35m23:22:59[0m[30m|[34methminer[0m  Mining on PoWhash #9d495afe[0m : 188.74MH/s [A611+3:R0+0:F0]
[32m  m  [35m23:22:59[0m[30m|[34methminer[0m  Mining on PoWhash #9d495afe[0m : 183.50MH/s [A611+3:R0+0:F0]
[32m  m  [35m23:23:00[0m[30m|[34methminer[0m  Mining on PoWhash #9d495afe[0m : 183.50MH/s [A611+3:R0+0:F0]
[32m  m  [35m23:23:00[0m[30m|[34methminer[0m  Mining on PoWhash #9d495afe[0m : 188.74MH/s [A611+3:R0+0:F0]
[32m  m  [35m23:23:00[0m[30m|[34methminer[0m  Mining on PoWhash #9d495afe[0m : 188.74MH/s [A611+3:R0+0:F0]
[32m  m  [35m23:23:00[0m[30m|[34methminer[0m  Mining on PoWhash #9d495afe[0m : 193.99MH/s [A611+3:R0+0:F0]
[32m  m  [35m23:23:00[0m[30m|[34methminer[0m  Mining on PoWhash #9d495afe[0m : 183.50MH/s [A611+3:R0+0:F0]
[32m  m  [35m23:23:01[0m[30m|[34methminer[0m  Mining on PoWhash #9d495afe[0m : 183.50MH/s [A611+3:R0+0:F0]
[32m  m  [35m23:23:01[0m[30m|[34methminer[0m  Mining on PoWhash #9d495afe[0m : 193.99MH/s [A611+3:R0+0:F0]
[32m  m  [35m23:23:01[0m[30m|[34methminer[0m  Mining on PoWhash #9d495afe[0m : 188.74MH/s [A611+3:R0+0:F0]
[32m  m  [35m23:23:01[0m[30m|[34methminer[0m  Mining on PoWhash #9d495afe[0m : 183.50MH/s [A611+3:R0+0:F0]
[32m  m  [35m23:23:01[0m[30m|[34methminer[0m  Mining on PoWhash #9d495afe[0m : 183.50MH/s [A611+3:R0+0:F0]
[32m  m  [35m23:23:02[0m[30m|[34methminer[0m  Mining on PoWhash #9d495afe[0m : 188.74MH/s [A611+3:R0+0:F0]
[32m  m  [35m23:23:02[0m[30m|[34methminer[0m  Mining on PoWhash #9d495afe[0m : 188.74MH/s [A611+3:R0+0:F0]
[32m  m  [35m23:23:02[0m[30m|[34methminer[0m  Mining on PoWhash #9d495afe[0m : 193.99MH/s [A611+3:R0+0:F0]
[32m  m  [35m23:23:02[0m[30m|[34methminer[0m  Mining on PoWhash #9d495afe[0m : 183.50MH/s [A611+3:R0+0:F0]
[32m  m  [35m23:23:02[0m[30m|[34methminer[0m  Mining on PoWhash #9d495afe[0m : 183.50MH/s [A611+3:R0+0:F0]
[32m  m  [35m23:23:03[0m[30m|[34methminer[0m  Mining on PoWhash #9d495afe[0m : 188.74MH/s [A611+3:R0+0:F0]
[32m  m  [35m23:23:03[0m[30m|[34methminer[0m  Mining on PoWhash #9d495afe[0m : 193.99MH/s [A611+3:R0+0:F0]
[32m  m  [35m23:23:03[0m[30m|[34methminer[0m  Mining on PoWhash #9d495afe[0m : 183.50MH/s [A611+3:R0+0:F0]
[32m  m  [35m23:23:03[0m[30m|[34methminer[0m  Mining on PoWhash #9d495afe[0m : 188.74MH/s [A611+3:R0+0:F0]
[32m  m  [35m23:23:03[0m[30m|[34methminer[0m  Mining on PoWhash #9d495afe[0m : 183.50MH/s [A611+3:R0+0:F0]
[94m  ℹ  [35m23:23:03[0m[30m|[34mstratum[0m  Received new job #843ed6bf[0m
[94m  ℹ  [35m23:23:04[0m[30m|[34mcudaminer0[0m  set work; seed: #f641c97b, target: [0m #0000000112e0[0m
[94m  ℹ  [35m23:23:04[0m[30m|[34mcudaminer1[0m  set work; seed: #f641c97b, target: [0m #0000000112e0[0m
[94m  ℹ  [35m23:23:04[0m[30m|[34mcudaminer2[0m  set work; seed: #f641c97b, target: [0m #0000000112e0[0m
[94m  ℹ  [35m23:23:04[0m[30m|[34mcudaminer3[0m  set work; seed: #f641c97b, target: [0m #0000000112e0[0m
[94m  ℹ  [35m23:23:04[0m[30m|[34mcudaminer4[0m  set work; seed: #f641c97b, target: [0m #0000000112e0[0m
[94m  ℹ  [35m23:23:04[0m[30m|[34mcudaminer5[0m  set work; seed: #f641c97b, target: [0m #0000000112e0[0m
[94m  ℹ  [35m23:23:04[0m[30m|[34mcudaminer6[0m  set work; seed: #f641c97b, target: [0m #0000000112e0[0m
[32m  m  [35m23:23:04[0m[30m|[34methminer[0m  Mining on PoWhash #843ed6bf[0m : 68.16MH/s [A611+3:R0+0:F0]
[32m  m  [35m23:23:04[0m[30m|[34methminer[0m  Mining on PoWhash #843ed6bf[0m : 178.26MH/s [A611+3:R0+0:F0]
[32m  m  [35m23:23:04[0m[30m|[34methminer[0m  Mining on PoWhash #843ed6bf[0m : 188.74MH/s [A611+3:R0+0:F0]
[32m  m  [35m23:23:04[0m[30m|[34methminer[0m  Mining on PoWhash #843ed6bf[0m : 183.50MH/s [A611+3:R0+0:F0]
[32m  m  [35m23:23:05[0m[30m|[34methminer[0m  Mining on PoWhash #843ed6bf[0m : 183.50MH/s [A611+3:R0+0:F0]
[32m  m  [35m23:23:05[0m[30m|[34methminer[0m  Mining on PoWhash #843ed6bf[0m : 188.74MH/s [A611+3:R0+0:F0]
[32m  m  [35m23:23:05[0m[30m|[34methminer[0m  Mining on PoWhash #843ed6bf[0m : 188.74MH/s [A611+3:R0+0:F0]
[32m  m  [35m23:23:05[0m[30m|[34methminer[0m  Mining on PoWhash #843ed6bf[0m : 188.74MH/s [A611+3:R0+0:F0]
[32m  m  [35m23:23:05[0m[30m|[34methminer[0m  Mining on PoWhash #843ed6bf[0m : 188.74MH/s [A611+3:R0+0:F0]
[32m  m  [35m23:23:06[0m[30m|[34methminer[0m  Mining on PoWhash #843ed6bf[0m : 183.50MH/s [A611+3:R0+0:F0]
[32m  m  [35m23:23:06[0m[30m|[34methminer[0m  Mining on PoWhash #843ed6bf[0m : 193.99MH/s [A611+3:R0+0:F0]
[32m  m  [35m23:23:06[0m[30m|[34methminer[0m  Mining on PoWhash #843ed6bf[0m : 188.74MH/s [A611+3:R0+0:F0]
[32m  m  [35m23:23:06[0m[30m|[34methminer[0m  Mining on PoWhash #843ed6bf[0m : 183.50MH/s [A611+3:R0+0:F0]
[32m  m  [35m23:23:06[0m[30m|[34methminer[0m  Mining on PoWhash #843ed6bf[0m : 183.50MH/s [A611+3:R0+0:F0]
[32m  m  [35m23:23:07[0m[30m|[34methminer[0m  Mining on PoWhash #843ed6bf[0m : 188.74MH/s [A611+3:R0+0:F0]
[32m  m  [35m23:23:07[0m[30m|[34methminer[0m  Mining on PoWhash #843ed6bf[0m : 188.74MH/s [A611+3:R0+0:F0]
[32m  m  [35m23:23:07[0m[30m|[34methminer[0m  Mining on PoWhash #843ed6bf[0m : 183.50MH/s [A611+3:R0+0:F0]
[32m  m  [35m23:23:07[0m[30m|[34methminer[0m  Mining on PoWhash #843ed6bf[0m : 193.99MH/s [A611+3:R0+0:F0]
[32m  m  [35m23:23:07[0m[30m|[34methminer[0m  Mining on PoWhash #843ed6bf[0m : 183.50MH/s [A611+3:R0+0:F0]
[32m  m  [35m23:23:08[0m[30m|[34methminer[0m  Mining on PoWhash #843ed6bf[0m : 193.99MH/s [A611+3:R0+0:F0]
[32m  m  [35m23:23:08[0m[30m|[34methminer[0m  Mining on PoWhash #843ed6bf[0m : 188.74MH/s [A611+3:R0+0:F0]
[32m  m  [35m23:23:08[0m[30m|[34methminer[0m  Mining on PoWhash #843ed6bf[0m : 183.50MH/s [A611+3:R0+0:F0]
[32m  m  [35m23:23:08[0m[30m|[34methminer[0m  Mining on PoWhash #843ed6bf[0m : 183.50MH/s [A611+3:R0+0:F0]
[32m  m  [35m23:23:08[0m[30m|[34methminer[0m  Mining on PoWhash #843ed6bf[0m : 188.74MH/s [A611+3:R0+0:F0]
[32m  m  [35m23:23:09[0m[30m|[34methminer[0m  Mining on PoWhash #843ed6bf[0m : 188.74MH/s [A611+3:R0+0:F0]
[32m  m  [35m23:23:09[0m[30m|[34methminer[0m  Mining on PoWhash #843ed6bf[0m : 183.50MH/s [A611+3:R0+0:F0]
[94m  ℹ  [35m23:23:09[0m[30m|[34mcudaminer3[0m  Solution found; Submitting to eu1.ethermine.org[0m ...
[94m  ℹ  [35m23:23:09[0m[30m|[34mcudaminer3[0m    Nonce: 0x219297fb37001908[0m
[32m  m  [35m23:23:09[0m[30m|[34methminer[0m  Mining on PoWhash #843ed6bf[0m : 188.74MH/s [A611+3:R0+0:F0]
[94m  ℹ  [35m23:23:09[0m[30m|[34mstratum[0m  B-) Submitted and accepted.
[32m  m  [35m23:23:09[0m[30m|[34methminer[0m  Mining on PoWhash #843ed6bf[0m : 188.74MH/s [A612+3:R0+0:F0]
[32m  m  [35m23:23:09[0m[30m|[34methminer[0m  Mining on PoWhash #843ed6bf[0m : 193.99MH/s [A612+3:R0+0:F0]
[32m  m  [35m23:23:10[0m[30m|[34methminer[0m  Mining on PoWhash #843ed6bf[0m : 188.74MH/s [A612+3:R0+0:F0]
[32m  m  [35m23:23:10[0m[30m|[34methminer[0m  Mining on PoWhash #843ed6bf[0m : 183.50MH/s [A612+3:R0+0:F0]
[32m  m  [35m23:23:10[0m[30m|[34methminer[0m  Mining on PoWhash #843ed6bf[0m : 183.50MH/s [A612+3:R0+0:F0]
[32m  m  [35m23:23:10[0m[30m|[34methminer[0m  Mining on PoWhash #843ed6bf[0m : 188.74MH/s [A612+3:R0+0:F0]
[32m  m  [35m23:23:10[0m[30m|[34methminer[0m  Mining on PoWhash #843ed6bf[0m : 188.74MH/s [A612+3:R0+0:F0]
[32m  m  [35m23:23:11[0m[30m|[34methminer[0m  Mining on PoWhash #843ed6bf[0m : 183.50MH/s [A612+3:R0+0:F0]
[32m  m  [35m23:23:11[0m[30m|[34methminer[0m  Mining on PoWhash #843ed6bf[0m : 188.74MH/s [A612+3:R0+0:F0]
[32m  m  [35m23:23:11[0m[30m|[34methminer[0m  Mining on PoWhash #843ed6bf[0m : 183.50MH/s [A612+3:R0+0:F0]
[32m  m  [35m23:23:11[0m[30m|[34methminer[0m  Mining on PoWhash #843ed6bf[0m : 199.23MH/s [A612+3:R0+0:F0]
[32m  m  [35m23:23:11[0m[30m|[34methminer[0m  Mining on PoWhash #843ed6bf[0m : 188.74MH/s [A612+3:R0+0:F0]
[32m  m  [35m01:21:34[0m[30m|[34methminer[0m  Mining on PoWhash #843ed6bf[0m : 183.50MH/s [A612+3:R0+0:F0]
